// Jest Snapshot v1, https://goo.gl/fbAQLP

exports[`MovieNav correctly renders default markup 1`] = `
<nav
  className="movie-nav"
>
  <ul
    className="movie-nav__list"
  >
    <li
      className="movie-nav__item movie-nav__item--active"
    >
      <a
        className="movie-nav__link"
        href="href-1"
      >
        item-1
      </a>
    </li>
    <li
      className="movie-nav__item"
    >
      <a
        className="movie-nav__link"
        href="href-2"
      >
        item-2
      </a>
    </li>
    <li
      className="movie-nav__item"
    >
      <a
        className="movie-nav__link"
        href="href-3"
      >
        item-3
      </a>
    </li>
  </ul>
</nav>
`;
