// Jest Snapshot v1, https://goo.gl/fbAQLP

exports[`Breadcrumbs correctly renders default markup 1`] = `
<nav
  className="breadcrumbs"
>
  <ul
    className="breadcrumbs__list"
  >
    <li
      className="breadcrumbs__item"
    >
      <a
        className="breadcrumbs__link"
        href="/film/1"
        onClick={[Function]}
      >
        War of the Worlds
      </a>
    </li>
    <li
      className="breadcrumbs__item"
    >
      <a
        className="breadcrumbs__link"
        href="/film/1/review"
        onClick={[Function]}
      >
        Add review
      </a>
    </li>
  </ul>
</nav>
`;
