// Jest Snapshot v1, https://goo.gl/fbAQLP

exports[`Description correctly renders default markup 1`] = `
<div
  className="movie-card__desc"
>
  <h2
    className="movie-card__title"
  >
    War of the Worlds
  </h2>
  <p
    className="movie-card__meta"
  >
    <span
      className="movie-card__genre"
    >
      Adventure
    </span>
    <span
      className="movie-card__year"
    >
      2005
    </span>
  </p>
  <div
    className="movie-card__buttons"
  >
    Childs elements
  </div>
</div>
`;
