// Jest Snapshot v1, https://goo.gl/fbAQLP

exports[`MovieReviews correctly renders default markup 1`] = `
<div
  className="movie-card__reviews movie-card__row"
>
  <div
    className="movie-card__reviews-col"
  >
    <div
      className="review"
      id="review-1"
    >
      <blockquote
        className="review__quote"
      >
        <p
          className="review__text"
        >
          Discerning travellers and Wes Anderson fans will luxuriate in the glorious Mittel-European kitsch of one of the director's funniest and most exquisitely designed movies in years.
        </p>
        <footer
          className="review__details"
        >
          <cite
            className="review__author"
          >
            Kate Muir
          </cite>
          <time
            className="review__date"
            dateTime="2019-05-08T14:13:56.569Z"
          >
            Wed May 08 2019
          </time>
        </footer>
      </blockquote>
      <div
        className="review__rating"
      >
        1.5
      </div>
    </div>
    <div
      className="review"
      id="review-2"
    >
      <blockquote
        className="review__quote"
      >
        <p
          className="review__text"
        >
          It was well acted, directed, and the music was good. But the story is yawn. Not trying to rip anybody but I checked my watch a dozen times during this movie.
        </p>
        <footer
          className="review__details"
        >
          <cite
            className="review__author"
          >
            Mollie
          </cite>
          <time
            className="review__date"
            dateTime="2019-06-14T06:39:07.535Z"
          >
            Fri Jun 14 2019
          </time>
        </footer>
      </blockquote>
      <div
        className="review__rating"
      >
        2.0
      </div>
    </div>
    <div
      className="review"
      id="review-3"
    >
      <blockquote
        className="review__quote"
      >
        <p
          className="review__text"
        >
          I love this movie. This film is a milestone in cinematography. Great Immersive camera-work. This film is an experience and i has already seen it 4 times and I only see more quality of the film.
        </p>
        <footer
          className="review__details"
        >
          <cite
            className="review__author"
          >
            Mollie
          </cite>
          <time
            className="review__date"
            dateTime="2019-05-27T06:39:07.535Z"
          >
            Mon May 27 2019
          </time>
        </footer>
      </blockquote>
      <div
        className="review__rating"
      >
        2.5
      </div>
    </div>
    <div
      className="review"
      id="review-4"
    >
      <blockquote
        className="review__quote"
      >
        <p
          className="review__text"
        >
          I love this movie. This film is a milestone in cinematography. Great Immersive camera-work. This film is an experience and i has already seen it 4 times and I only see more quality of the film.
        </p>
        <footer
          className="review__details"
        >
          <cite
            className="review__author"
          >
            Mollie
          </cite>
          <time
            className="review__date"
            dateTime="2019-05-27T06:39:07.535Z"
          >
            Mon May 27 2019
          </time>
        </footer>
      </blockquote>
      <div
        className="review__rating"
      >
        3.0
      </div>
    </div>
  </div>
  <div
    className="movie-card__reviews-col"
  >
    <div
      className="review"
      id="review-5"
    >
      <blockquote
        className="review__quote"
      >
        <p
          className="review__text"
        >
          It was well acted, directed, and the music was good. But the story is yawn. Not trying to rip anybody but I checked my watch a dozen times during this movie.
        </p>
        <footer
          className="review__details"
        >
          <cite
            className="review__author"
          >
            Mollie
          </cite>
          <time
            className="review__date"
            dateTime="2019-06-14T06:39:07.535Z"
          >
            Fri Jun 14 2019
          </time>
        </footer>
      </blockquote>
      <div
        className="review__rating"
      >
        3.5
      </div>
    </div>
    <div
      className="review"
      id="review-6"
    >
      <blockquote
        className="review__quote"
      >
        <p
          className="review__text"
        >
          I love this movie. This film is a milestone in cinematography. Great Immersive camera-work. This film is an experience and i has already seen it 4 times and I only see more quality of the film.
        </p>
        <footer
          className="review__details"
        >
          <cite
            className="review__author"
          >
            Mollie
          </cite>
          <time
            className="review__date"
            dateTime="2019-05-27T06:39:07.535Z"
          >
            Mon May 27 2019
          </time>
        </footer>
      </blockquote>
      <div
        className="review__rating"
      >
        4.0
      </div>
    </div>
    <div
      className="review"
      id="review-7"
    >
      <blockquote
        className="review__quote"
      >
        <p
          className="review__text"
        >
          I love this movie. This film is a milestone in cinematography. Great Immersive camera-work. This film is an experience and i has already seen it 4 times and I only see more quality of the film.
        </p>
        <footer
          className="review__details"
        >
          <cite
            className="review__author"
          >
            Mollie
          </cite>
          <time
            className="review__date"
            dateTime="2019-05-27T06:39:07.535Z"
          >
            Mon May 27 2019
          </time>
        </footer>
      </blockquote>
      <div
        className="review__rating"
      >
        5.0
      </div>
    </div>
  </div>
</div>
`;
