// Jest Snapshot v1, https://goo.gl/fbAQLP

exports[`MoviePageView correctly renders default markup 1`] = `
Array [
  <section
    className="movie-card movie-card--full"
    style={
      Object {
        "background": "#9B7E61",
      }
    }
  >
    <div
      className="movie-card__hero"
    >
      <header
        className="page-header movie-card__head"
      >
        <div
          className="logo"
        >
          <a
            className="logo__link"
            href="/"
            onClick={[Function]}
          >
            <span
              className="logo__letter logo__letter--1"
            >
              W
            </span>
            <span
              className="logo__letter logo__letter--2"
            >
              T
            </span>
            <span
              className="logo__letter logo__letter--3"
            >
              W
            </span>
          </a>
        </div>
        <div
          className="movie-card__bg"
        >
          <img
            alt="War of the Worlds"
            src="https://es31-server.appspot.com/wtw/static/film/background/War_of_the_Worlds.jpg"
          />
        </div>
        <h1
          className="page-title visually-hidden"
        >
          WTW
        </h1>
        <div
          className="user-block"
        >
          <a
            className="user-block__link"
            href="/login"
            onClick={[Function]}
          >
            Sign in
          </a>
        </div>
      </header>
      <div
        className="movie-card__wrap"
      >
        <div
          className="movie-card__desc"
        >
          <h2
            className="movie-card__title"
          >
            War of the Worlds
          </h2>
          <p
            className="movie-card__meta"
          >
            <span
              className="movie-card__genre"
            >
              Adventure
            </span>
            <span
              className="movie-card__year"
            >
              2005
            </span>
          </p>
          <div
            className="movie-card__buttons"
          >
            <a
              className="btn btn--play movie-card__button"
              href="/film/1/player"
              onClick={[Function]}
            >
              <svg
                height={19}
                viewBox="0 0 19 19"
                width={19}
              >
                <use
                  xlinkHref="#play-s"
                />
              </svg>
              <span>
                Play
              </span>
            </a>
            <button
              className="btn btn--list movie-card__button"
              onClick={[Function]}
              type="button"
            >
              <svg
                height={20}
                viewBox="0 0 19 20"
                width={19}
              >
                <use
                  xlinkHref="#add"
                />
              </svg>
              <span>
                My list
              </span>
            </button>
            <a
              className="btn movie-card__button"
              href="/film/1/review"
              onClick={[Function]}
            >
              Add review
            </a>
          </div>
        </div>
      </div>
    </div>
    <div
      className="movie-card__wrap movie-card__translate-top"
    >
      <div
        className="movie-card__info"
      >
        <div
          className="movie-card__poster movie-card__poster--big"
        >
          <img
            alt="War of the Worlds"
            height="327"
            src="https://es31-server.appspot.com/wtw/static/film/poster/War_of_the_Worlds.jpg"
            width="218"
          />
        </div>
        <div
          className="movie-card__desc"
        >
          <nav
            className="movie-nav movie-card__nav"
          >
            <ul
              className="movie-nav__list"
            >
              <li
                className="movie-nav__item movie-nav__item--active"
              >
                <a
                  className="movie-nav__link"
                  href="#Overview"
                >
                  Overview
                </a>
              </li>
              <li
                className="movie-nav__item"
              >
                <a
                  className="movie-nav__link"
                  href="#Details"
                >
                  Details
                </a>
              </li>
              <li
                className="movie-nav__item"
              >
                <a
                  className="movie-nav__link"
                  href="#Reviews"
                >
                  Reviews
                </a>
              </li>
            </ul>
          </nav>
          <div
            className="movie-rating"
          >
            <div
              className="movie-rating__score"
            >
              6.5
            </div>
            <p
              className="movie-rating__meta"
            >
              <span
                className="movie-rating__level"
              >
                Good
              </span>
              <span
                className="movie-rating__count"
              >
                386834 ratings
              </span>
            </p>
          </div>
          <div
            className="movie-card__text"
          >
            As Earth is invaded by alien tripod fighting machines, one family fights for survival.
            <p
              className="movie-card__director"
            >
              <strong>
                Director: Steven Spielberg
              </strong>
            </p>
            <p
              className="movie-card__starring"
            >
              <strong>
                Starring: Tom Cruise, Dakota Fanning, Tim Robbin and other
              </strong>
            </p>
          </div>
        </div>
      </div>
    </div>
  </section>,
  <div
    className="page-content"
  >
    <section
      className="catalog catalog--like-this"
    >
      <h2
        className="catalog__title"
      >
        More like this
      </h2>
      <div
        className="catalog__movies-list"
      >
        <article
          className="small-movie-card catalog__movies-card"
          id="movie-1"
          onMouseEnter={[Function]}
          onMouseLeave={[Function]}
        >
          <a
            className="small-movie-card__link"
            href="/film/1"
            onClick={[Function]}
          >
            <div
              className="small-movie-card__image"
            >
              <video
                height={175}
                muted={true}
                onCanPlayThrough={[Function]}
                onEnded={[Function]}
                onLoadStart={[Function]}
                onPause={[Function]}
                onTimeUpdate={[Function]}
                poster="https://es31-server.appspot.com/wtw/static/film/preview/midnight-special.jpg"
                preload="none"
                src="http://peach.themazzone.com/durian/movies/sintel-1024-surround.mp4"
                width={280}
              />
            </div>
            <h3
              className="small-movie-card__title"
            >
              Midnight Special
            </h3>
          </a>
        </article>
        <article
          className="small-movie-card catalog__movies-card"
          id="movie-2"
          onMouseEnter={[Function]}
          onMouseLeave={[Function]}
        >
          <a
            className="small-movie-card__link"
            href="/film/2"
            onClick={[Function]}
          >
            <div
              className="small-movie-card__image"
            >
              <video
                height={175}
                muted={true}
                onCanPlayThrough={[Function]}
                onEnded={[Function]}
                onLoadStart={[Function]}
                onPause={[Function]}
                onTimeUpdate={[Function]}
                poster="https://es31-server.appspot.com/wtw/static/film/preview/pulp-fiction.jpg"
                preload="none"
                src="http://peach.themazzone.com/durian/movies/sintel-1024-surround.mp4"
                width={280}
              />
            </div>
            <h3
              className="small-movie-card__title"
            >
              Pulp Fiction
            </h3>
          </a>
        </article>
        <article
          className="small-movie-card catalog__movies-card"
          id="movie-3"
          onMouseEnter={[Function]}
          onMouseLeave={[Function]}
        >
          <a
            className="small-movie-card__link"
            href="/film/3"
            onClick={[Function]}
          >
            <div
              className="small-movie-card__image"
            >
              <video
                height={175}
                muted={true}
                onCanPlayThrough={[Function]}
                onEnded={[Function]}
                onLoadStart={[Function]}
                onPause={[Function]}
                onTimeUpdate={[Function]}
                poster="https://es31-server.appspot.com/wtw/static/film/preview/bronson.jpg"
                preload="none"
                src="http://media.xiph.org/mango/tears_of_steel_1080p.webm"
                width={280}
              />
            </div>
            <h3
              className="small-movie-card__title"
            >
              Bronson
            </h3>
          </a>
        </article>
        <article
          className="small-movie-card catalog__movies-card"
          id="movie-4"
          onMouseEnter={[Function]}
          onMouseLeave={[Function]}
        >
          <a
            className="small-movie-card__link"
            href="/film/4"
            onClick={[Function]}
          >
            <div
              className="small-movie-card__image"
            >
              <video
                height={175}
                muted={true}
                onCanPlayThrough={[Function]}
                onEnded={[Function]}
                onLoadStart={[Function]}
                onPause={[Function]}
                onTimeUpdate={[Function]}
                poster="https://es31-server.appspot.com/wtw/static/film/preview/what-we-do-in-the-shadows.jpg"
                preload="none"
                src="http://peach.themazzone.com/durian/movies/sintel-1024-surround.mp4"
                width={280}
              />
            </div>
            <h3
              className="small-movie-card__title"
            >
              What We Do in the Shadows
            </h3>
          </a>
        </article>
        <article
          className="small-movie-card catalog__movies-card"
          id="movie-5"
          onMouseEnter={[Function]}
          onMouseLeave={[Function]}
        >
          <a
            className="small-movie-card__link"
            href="/film/5"
            onClick={[Function]}
          >
            <div
              className="small-movie-card__image"
            >
              <video
                height={175}
                muted={true}
                onCanPlayThrough={[Function]}
                onEnded={[Function]}
                onLoadStart={[Function]}
                onPause={[Function]}
                onTimeUpdate={[Function]}
                poster="https://es31-server.appspot.com/wtw/static/film/preview/fantastic-beasts-the-crimes-of-grindelwald.jpg"
                preload="none"
                src="http://peach.themazzone.com/durian/movies/sintel-1024-surround.mp4"
                width={280}
              />
            </div>
            <h3
              className="small-movie-card__title"
            >
              Fantastic Beasts: The Crimes of Grindelwald
            </h3>
          </a>
        </article>
      </div>
    </section>
    <footer
      className="page-footer"
    >
      <div
        className="logo"
      >
        <a
          className="logo__link logo__link--light"
          href="/"
          onClick={[Function]}
        >
          <span
            className="logo__letter logo__letter--1"
          >
            W
          </span>
          <span
            className="logo__letter logo__letter--2"
          >
            T
          </span>
          <span
            className="logo__letter logo__letter--3"
          >
            W
          </span>
        </a>
      </div>
      <div
        className="copyright"
      >
        <p>
          © 2019 What to watch Ltd.
        </p>
      </div>
    </footer>
  </div>,
]
`;
