// Jest Snapshot v1, https://goo.gl/fbAQLP

exports[`PauseButton correctly renders default markup 1`] = `
<button
  className="player__play"
  onClick={[Function]}
  type="button"
>
  <svg
    height="21"
    viewBox="0 0 14 21"
    width="14"
  >
    <use
      xlinkHref="#pause"
    />
  </svg>
  <span>
    Play
  </span>
</button>
`;
