// Jest Snapshot v1, https://goo.gl/fbAQLP

exports[`UserBlock correctly renders default markup 1`] = `
<div
  className="user-block"
>
  <div
    className="user-block__avatar"
  >
    <img
      alt="Nicolas Cage"
      height="63"
      src="https://s3.amazonaws.com/uifaces/faces/twitter/wim1k/128.jpg"
      width="63"
    />
  </div>
</div>
`;

exports[`UserBlock correctly renders signin markup 1`] = `
<div
  className="user-block"
>
  <a
    className="user-block__link"
    href="/login"
    onClick={[Function]}
  >
    Sign in
  </a>
</div>
`;
