// Jest Snapshot v1, https://goo.gl/fbAQLP

exports[`GenresList correctly renders default markup 1`] = `
<ul
  className="catalog__genres-list"
>
  <li
    className="catalog__genres-item "
  >
    <a
      className="catalog__genres-link"
      onClick={[Function]}
    >
      Drama
    </a>
  </li>
  <li
    className="catalog__genres-item "
  >
    <a
      className="catalog__genres-link"
      onClick={[Function]}
    >
      Comedy
    </a>
  </li>
</ul>
`;

exports[`GenresList correctly renders empty genres list 1`] = `null`;
