// Jest Snapshot v1, https://goo.gl/fbAQLP

exports[`SmallMovieCard correctly renders default markup 1`] = `
<article
  className="small-movie-card catalog__movies-card"
>
  <button
    className="small-movie-card__play-btn"
    onClick={[Function]}
    type="button"
  >
    Play
  </button>
  <div
    className="small-movie-card__image"
  >
    <img
      alt="Movie Title"
      height="175"
      src="img/path"
      width="280"
    />
  </div>
  <h3
    className="small-movie-card__title"
  >
    <a
      className="small-movie-card__link"
      href="/film/b15a1da5-8142-4d2a-b567-26599e333988"
    >
      Movie Title
    </a>
  </h3>
</article>
`;
