// Jest Snapshot v1, https://goo.gl/fbAQLP

exports[`SmallMovieCard correctly renders default markup 1`] = `
<article
  className="small-movie-card catalog__movies-card"
  id="movie-11"
  onMouseEnter={[Function]}
  onMouseLeave={[Function]}
>
  <div
    className="small-movie-card__image"
  >
    <video
      height={175}
      muted={true}
      poster="img/path"
      preload="none"
      src="trailer/path"
      width={280}
    />
  </div>
  <h3
    className="small-movie-card__title"
  >
    <a
      className="small-movie-card__link"
      href="/film/11"
    >
      Movie Title
    </a>
  </h3>
</article>
`;
